1786865848.859804252
0
1786865849.890213468
0
1786865850.969451978
0
1786865851.997192469
0
1786865853.047494388
0
1786865854.087632572
1
1786865855.140620797
4
1786865856.169261006
4
1786865857.199209196
4
1786865858.229910736
4
1786865859.260183893
4
1786865860.306858479
4
1786865861.337752744
4
1786865862.364875143
4
1786865863.391544983
4
1786865864.419242313
4
1786865865.449355567
4
1786865866.477348758
4
1786865867.507475948
4
1786865868.550987162
4
1786865869.592716215
4
1786865870.636733469
4
1786865871.692899182
4
1786865872.737276660
4
1786865873.793986937
4
1786865875.279939908
4
1786865876.579444285
4
1786865877.790892441
4
1786865879.201773076
4
1786865880.489238801
4
1786865881.689923515
4
1786865882.994968304
4
1786865884.300490970
4
1786865885.590047283
4
1786865886.883609135
4
1786865888.088436168
4
1786865889.290655223
4
1786865890.496433491
4
1786865891.686214376
4
1786865893.087695347
4
1786865894.293922657
4
1786865895.495323349
4
1786865896.693142095
4
1786865897.984128743
4
1786865899.178796634
4
1786865900.485036455
4
1786865901.684802349
4
1786865902.986641259
4
1786865904.287620839
4
1786865905.582536453
4
1786865906.978456777
4
1786865908.287415807
4
1786865909.681591942
4
1786865911.092567581
4
1786865912.287544368
4
1786865913.797494084
4
1786865915.179189398
4
1786865916.397057218
4
1786865917.691295847
4
1786865919.281459616
4
1786865920.586002606
4
1786865921.982549670
4
1786865923.288672648
4
1786865924.781053710
4
1786865926.284199587
4
1786865927.576963389
4
1786865928.886458936
4
1786865930.296237534
4
1786865931.680145006
4
1786865932.986474115
4
1786865934.281779890
4
1786865935.489013713
4
1786865936.880867532
4
1786865938.193679261
4
1786865939.583332384
4
1786865940.979386081
4
1786865942.379303830
4
1786865943.697555511
4
1786865945.094150475
4
1786865946.381890856
4
1786865947.776743343
4
1786865948.883129585
4
1786865950.390219545
4
1786865951.781436305
4
1786865952.979338984
4
1786865954.380007737
4
1786865955.684502957
4
1786865956.891668070
4
1786865958.297221802
4
1786865959.689494806
4
1786865960.896466442
4
1786865962.277714919
4
1786865963.782496789
4
1786865965.184194685
4
1786865966.491324774
4
1786865967.792256324
4
1786865969.188894490
4
1786865970.579607514
4
1786865971.685104218
4
1786865972.978715487
4
1786865974.276781800
4
1786865975.578149496
4
1786865976.879790812
4
1786865978.093522012
4
1786865979.392474356
4
1786865980.784198048
4
1786865981.993990976
4
1786865983.287565877
4
1786865984.585710238
4
1786865985.886734803
4
1786865987.485092979
4
1786865988.782044396
4
1786865989.883956669
4
1786865991.089407519
4
1786865992.393201369
4
1786865993.878408610
4
1786865995.291492128
4
1786865996.679767718
4
1786865997.784742772
4
1786865999.088285655
4
1786866000.290467253
4
1786866001.789757634
4
1786866002.996550480
4
1786866004.482559883
4
1786866005.696877767
4
1786866006.993402495
4
1786866008.378045833
4
1786866009.691282428
4
1786866011.088547013
4
1786866012.480203267
4
1786866013.584948615
4
1786866014.896617206
4
1786866016.182678901
4
1786866017.780435406
4
1786866019.091028606
4
1786866020.389010348
4
1786866021.690480709
4
1786866023.092002932
4
1786866024.397144949
4
1786866025.679314841
4
1786866026.994355419
4
1786866028.285013235
4
1786866029.795190492
4
1786866031.183789125
4
1786866032.594328346
4
1786866033.980640730
4
1786866035.285897676
4
1786866036.496933292
4
1786866037.797276505
4
1786866039.088339880
4
1786866040.583036796
4
1786866041.787828646
4
1786866043.188637576
4
1786866044.783329015
4
1786866046.078391868
4
1786866047.384338813
4
1786866048.782692043
4
1786866049.995056170
4
1786866051.295282491
4
1786866052.599174296
4
1786866053.990953032
4
1786866055.191606019
4
1786866056.580169114
4
1786866057.792728101
4
1786866059.078417490
4
1786866060.379058678
4
1786866061.685702665
4
1786866062.996900953
4
1786866064.384025549
4
1786866065.678991199
4
1786866067.180829063
4
1786866068.380993033
4
1786866069.677111309
4
1786866070.982000136
4
1786866072.391929860
4
1786866073.793100957
4
1786866075.178536047
4
1786866076.687047203
4
1786866078.177924322
4
1786866079.395257507
4
1786866080.678221756
4
1786866082.078224385
4
1786866083.387186611
4
1786866084.778998460
4
1786866086.279065955
4
1786866087.483692742
4
1786866088.992934705
4
1786866090.277808978
4
1786866091.586595901
4
1786866092.797393926
4
1786866094.183169082
4
1786866095.576980184
4
1786866096.791939815
4
1786866098.187060422
4
1786866099.492022408
4
1786866100.984441362
4
1786866102.393239950
4
1786866103.690194272
4
1786866105.085549805
4
1786866106.489763675
4
1786866107.778494815
4
1786866109.177951829
4
1786866110.779876703
4
1786866111.992193630
4
1786866113.486604032
4
1786866114.894149703
4
1786866116.378719074
4
1786866118.084028722
4
1786866119.383053503
4
1786866120.689045293
4
1786866121.887721680
4
1786866122.988430830
425
1786866124.042903325
425
1786866125.069467798
425
1786866126.094051854
425
1786866127.119917081
425
1786866128.185164859
425
1786866129.379491954
425
1786866130.588921914
425
1786866131.791809841
425
1786866133.180617861
425
1786866134.580099422
425
1786866135.795595752
425
1786866137.092912502
425
1786866138.480807339
425
1786866139.982370071
425
1786866141.286025017
425
1786866142.584773885
425
1786866143.783672915
425
1786866144.992835707
425
1786866146.279417260
425
1786866147.481601151
425
1786866148.781420670
425
1786866150.179967597
425
1786866151.390160735
425
1786866152.693135270
425
1786866153.992306109
425
1786866155.277011852
425
1786866156.591955766
425
1786866157.977341683
425
1786866159.297694020
425
1786866160.786059263
425
1786866161.989035207
425
1786866163.378055589
425
1786866164.688428171
425
1786866165.983252663
425
1786866167.193606415
425
1786866168.484127602
425
1786866169.878529225
425
1786866171.087143687
425
1786866172.382660473
425
1786866173.592182507
425
1786866174.887496368
425
1786866176.297033818
425
1786866177.679590016
425
1786866178.986467275
425
1786866180.190317699
425
1786866181.586084151
425
1786866182.886515421
425
1786866184.083563017
425
1786866185.381624891
425
1786866186.683592937
425
1786866187.987435048
425
1786866189.378039836
425
1786866190.881331339
425
1786866192.091031381
425
1786866193.682924030
425
1786866194.980419639
425
1786866196.282010900
425
1786866197.578563891
425
1786866198.880192993
425
1786866200.378281644
425
1786866201.794715069
425
1786866203.090945077
425
1786866204.385768737
425
1786866205.687649406
1835
1786866206.713713050
1969
1786866208.015725169
1969
1786866209.040163428
1969
1786866210.070180613
1969
1786866211.106248597
1969
1786866212.135530206
1969
1786866213.165633333
1969
1786866214.195008399
1969
1786866215.237400333
1969
1786866216.273336618
1969
1786866217.298581567
1969
1786866218.384264899
1969
1786866219.425910767
1969
1786866220.452287254
1969
1786866221.480189555
1969
1786866222.510820234
1969
1786866223.537811417
1969
1786866224.575197292
1969
1786866225.606186511
1969
1786866226.635537200
1969
1786866227.661157302
1969
1786866228.706523338
1969
1786866229.735051187
1969
1786866230.764808718
1969
1786866231.791787558
1969
1786866232.827651115
1969
1786866233.852394884
1969
1786866234.891249335
1969
1786866235.916064860
1969
1786866236.941034718
1969
1786866237.966461272
2319
1786866239.005741091
2365
1786866240.029079443
2365
1786866241.058228881
2475
1786866242.086133086
2475
1786866243.115683064
2477
1786866244.154172193
3083
1786866245.179206072
3083
1786866246.212555028
3237
1786866247.290632118
3237
1786866248.316440988
3237
1786866249.356914772
3237
1786866250.393584097
3237
1786866251.418330341
3237
1786866252.441152404
3237
1786866253.469042973
3237
1786866254.514001196
3237
1786866255.540314703
3237
1786866256.567846973
3237
1786866257.670007847
3237
1786866258.718309283
3237
1786866259.744937027
3703
1786866260.770109910
3703
1786866261.798520646
3703
1786866262.824363040
517
1786866263.868368044
517
