1786866482.577370096
0
1786866483.609389840
0
1786866484.636776132
0
1786866485.674590321
0
1786866486.724259331
0
1786866487.786354127
4
1786866488.841628392
4
1786866489.874538135
4
1786866490.907424964
4
1786866491.936495282
4
1786866492.965177814
4
1786866494.008701875
4
1786866495.042478543
4
1786866496.102907078
4
1786866497.133946521
4
1786866498.164658153
4
1786866499.194772001
4
1786866500.221992860
4
1786866501.263082883
4
1786866502.315187475
4
1786866503.371812723
4
1786866504.486887580
4
1786866505.781585502
4
1786866507.077307997
4
1786866508.278961312
4
1786866509.599275617
4
1786866510.880324371
4
1786866512.177728738
4
1786866513.477854387
4
1786866514.695999323
4
1786866515.984017841
4
1786866517.284548088
4
1786866518.480604624
4
1786866519.876807795
4
1786866521.087392797
4
1786866522.291747407
4
1786866523.494080371
4
1786866524.684939136
4
1786866525.992440880
4
1786866527.279282546
4
1786866528.683610552
4
1786866529.887502605
4
1786866531.088127699
4
1786866532.297512683
4
1786866533.594707813
4
1786866534.882373382
4
1786866536.179464244
4
1786866537.382430871
4
1786866538.792667698
4
1786866540.183251817
4
1786866541.496670017
4
1786866542.784337469
4
1786866544.092929803
4
1786866545.378632989
4
1786866546.682985569
4
1786866548.085954095
4
1786866549.395045566
4
1786866550.882860385
4
1786866552.096729066
4
1786866553.395734190
4
1786866554.688548888
4
1786866556.192332655
4
1786866557.477709421
4
1786866558.779332793
4
1786866560.278846848
4
1786866561.494640763
4
1786866562.876751024
4
1786866564.180730967
4
1786866565.490703870
4
1786866566.880581870
4
1786866568.377905760
4
1786866569.491557026
4
1786866570.683521388
4
1786866572.079780315
4
1786866573.385600118
4
1786866574.588236609
4
1786866575.980008031
4
1786866577.293154936
4
1786866578.680536710
4
1786866579.986806958
4
1786866581.394597804
4
1786866582.792780491
4
1786866584.277783223
4
1786866585.878003482
4
1786866587.081658124
4
1786866588.581935989
4
1786866589.793757728
4
1786866591.099184204
4
1786866592.592787946
4
1786866593.886868306
4
1786866595.287033163
4
1786866596.879749265
4
1786866598.287912587
4
1786866599.691454562
4
1786866600.894395100
4
1786866602.288062850
4
1786866603.878462776
4
1786866605.187381369
4
1786866606.490348259
4
1786866607.686541625
4
1786866608.892799126
4
1786866610.104291228
4
1786866611.494581771
4
1786866612.887084901
4
1786866614.385347522
4
1786866615.878185351
4
1786866617.095103709
4
1786866618.397086452
4
1786866619.886197330
4
1786866621.478496780
4
1786866622.686927765
4
1786866623.987221323
4
1786866625.385936540
4
1786866626.796834191
4
1786866628.285515092
4
1786866629.697448649
4
1786866631.079970131
4
1786866632.598469508
4
1786866633.892967570
4
1786866635.378511019
4
1786866636.884299870
4
1786866638.391615548
4
1786866639.678926694
4
1786866641.084195045
4
1786866642.297999414
4
1786866643.582582465
4
1786866645.177356210
4
1786866646.384241582
4
1786866647.785223098
4
1786866649.196976603
4
1786866650.583316079
4
1786866651.778950053
4
1786866653.181755411
4
1786866654.392728558
4
1786866655.988408703
4
1786866657.284384580
4
1786866658.989800910
4
1786866660.390839986
4
1786866661.597130940
4
1786866662.987199962
4
1786866664.283370267
4
1786866665.587375769
4
1786866666.994290863
4
1786866668.382318091
4
1786866669.794823804
4
1786866671.177573158
4
1786866672.392700678
4
1786866673.794001390
4
1786866675.179093941
4
1786866676.480181465
4
1786866677.882565944
4
1786866679.495054640
4
1786866680.692086567
4
1786866681.988547483
4
1786866683.493395289
4
1786866684.892084536
4
1786866686.282512960
4
1786866687.485823219
4
1786866688.888835329
4
1786866690.386186982
4
1786866691.678016651
4
1786866692.889044413
4
1786866694.289554566
4
1786866695.778721539
4
1786866697.093667628
4
1786866698.389865967
4
1786866699.784923985
4
1786866701.078562536
4
1786866702.480592282
4
1786866703.784536517
4
1786866705.196608686
4
1786866706.491285518
4
1786866707.783910015
4
1786866709.079502153
4
1786866710.195585834
4
1786866711.478383948
4
1786866712.710736580
4
1786866713.892920124
4
1786866715.190023370
4
1786866716.482822038
4
1786866717.702755095
4
1786866718.882819609
4
1786866720.278441687
4
1786866721.581754955
4
1786866722.778119576
4
1786866723.992780350
4
1786866725.381885443
4
1786866726.579746403
4
1786866727.779390476
4
1786866728.893626040
4
1786866730.178721122
4
1786866731.387106440
4
1786866732.678502407
4
1786866733.986431382
4
1786866735.204880334
4
1786866736.403627776
4
1786866737.778210756
4
1786866738.987944391
4
1786866740.205658419
4
1786866741.582605785
4
1786866742.786988970
4
1786866744.093758425
4
1786866745.492420521
4
1786866746.781636812
4
1786866748.180630838
21
1786866749.280060461
425
1786866750.312574062
425
1786866751.340480822
425
1786866752.369063113
425
1786866753.417833188
425
1786866754.457497917
425
1786866755.484316182
425
1786866756.517745400
425
1786866757.547962043
425
1786866758.589595918
425
1786866759.631651012
425
1786866760.663061009
425
1786866761.777897073
425
1786866763.178816112
425
1786866764.380058737
425
1786866765.592876796
425
1786866766.979141470
425
1786866768.380930348
425
1786866769.678609506
425
1786866770.979878636
425
1786866772.278188761
425
1786866773.476734820
425
1786866774.683756511
425
1786866776.079099700
425
1786866777.681516737
425
1786866778.978464838
425
1786866780.279571148
425
1786866781.680719491
425
1786866783.078308922
425
1786866784.488502337
425
1786866785.879592246
425
1786866787.177322370
425
1786866788.380980549
425
1786866789.879127190
425
1786866791.182679000
425
1786866792.578112501
425
1786866793.790715922
425
1786866794.984033190
425
1786866796.498549120
425
1786866797.979458827
425
1786866799.394239205
425
1786866800.792565394
425
1786866802.095433717
425
1786866803.395913669
425
1786866804.780977254
425
1786866806.085982442
425
1786866807.390850399
425
1786866808.693900568
425
1786866810.077732597
425
1786866811.390559886
425
1786866812.687517124
425
1786866813.982004085
425
1786866815.378009470
425
1786866816.796209687
425
1786866817.994987075
425
1786866819.477387721
425
1786866820.784046306
425
1786866822.082924679
425
1786866823.286217355
425
1786866824.776822958
425
1786866826.095708672
425
1786866827.579674888
425
1786866828.886504427
425
1786866830.091178805
425
1786866831.379586741
425
1786866832.586491130
425
1786866834.078275269
425
1786866835.295908363
425
1786866836.487597823
425
1786866837.794835286
575
1786866838.822774508
1649
1786866839.854393963
1969
1786866841.194112082
1969
1786866842.219906124
1969
1786866843.262535628
1969
1786866844.292672109
1969
1786866845.322765107
1969
1786866846.362582466
1969
1786866847.394572263
1969
1786866848.420584709
1969
1786866849.449768281
1969
1786866850.478674678
1969
1786866851.695213155
1969
1786866852.722874019
1969
1786866853.747801296
1969
1786866854.775136412
1969
1786866855.806254164
1969
1786866856.831289847
1969
1786866857.869371933
1969
1786866858.907757515
1969
1786866859.941613683
1969
1786866860.972551094
1969
1786866862.004318058
1969
1786866863.050025692
1969
1786866864.077722394
1969
1786866865.108008489
1969
1786866866.147212083
1969
1786866867.188150859
1969
1786866868.221059709
1969
1786866869.259493092
2365
1786866870.284933142
3237
1786866871.315466656
3237
1786866872.343524693
3241
1786866873.391196865
3241
1786866874.416653276
3241
1786866875.442028273
3241
1786866876.473903883
3241
1786866877.518630316
3241
1786866878.552974670
3241
1786866879.578756949
3241
1786866880.604659627
3241
1786866881.635264116
3241
1786866882.680565219
3241
1786866883.733904954
3243
1786866884.766484009
3243
1786866885.794176432
517
1786866886.819525861
517
